======================================================================
VALIDAR REPOSITORIO
CODIGO: 0
true

======================================================================
GIT ADD
CODIGO: 0
No fue posible leer la salida del comando.
======================================================================
VERIFICAR CAMBIOS PREPARADOS
CODIGO: 1
No fue posible leer la salida del comando.
======================================================================
GIT COMMIT
CODIGO: 0
[main 5a746db] Publica planes_pmo.html V07 2026-10-03 22:19:45
 1 file changed, 14 insertions(+), 4 deletions(-)

======================================================================
GIT PUSH
CODIGO: 0
remote: This repository moved. Please use the new location:        
remote:   https://github.com/JgaravitoMTTO/ot-mantenimiento.git        
To https://github.com/jgaravitomtto/ot-mantenimiento.git
   6980af3..5a746db  main -> main

======================================================================
CONFIRMAR ARCHIVO CONTROLADO
CODIGO: 0
planes_pmo.html

======================================================================
CONFIRMAR ARCHIVO EN HEAD
CODIGO: 0
No fue posible leer la salida del comando.
======================================================================
REGISTRAR ESTADO LOCAL
CODIGO: 0
No fue posible leer la salida del comando.
======================================================================
ADVERTENCIA NO BLOQUEANTE
CODIGO: 0
Git reporta diferencia local posterior al commit. El push fue exitoso y HEAD contiene planes_pmo.html. Esto puede corresponder a normalizacion CRLF/LF.
